// Vitest Snapshot v1, https://vitest.dev/guide/snapshot.html

exports[`Skeleton > renders correctly 1`] = `
<div>
  <div
    class="_skeleton_bdf928"
  >
    <div />
  </div>
</div>
`;
