// Jest Snapshot v1, https://goo.gl/fbAQLP

exports[`rendering list of cars matches the snapshot 1`] = `null`;
