[
    {
        "year": 1951,
        "approach_count": 1
    },
    {
        "year": 1953,
        "approach_count": 1
    },
    {
        "year": 1957,
        "approach_count": 1
    },
    {
        "year": 1961,
        "approach_count": 1
    },
    {
        "year": 1962,
        "approach_count": 2
    },
    {
        "year": 1969,
        "approach_count": 1
    },
    {
        "year": 1973,
        "approach_count": 1
    },
    {
        "year": 1977,
        "approach_count": 1
    },
    {
        "year": 1981,
        "approach_count": 2
    },
    {
        "year": 1989,
        "approach_count": 3
    }
]
